2025-07-09 15:33:30,801 - __main__ - INFO - ğŸš€ ì „ì²´ í¬ë¡¤ë§ í”„ë¡œì„¸ìŠ¤ ì‹œì‘
2025-07-09 15:33:30,802 - __main__ - INFO - ğŸ“… í¬ë¡¤ë§ ëŒ€ìƒ ë‚ ì§œ: 2025-07-09
2025-07-09 15:33:30,802 - __main__ - INFO - â° ì‹œì‘ ì‹œê°„: 2025-07-09 15:33:30
2025-07-09 15:33:30,802 - crawling_view.controller.crawling_manager - INFO - ğŸš€ í¬ë¡¤ë§ í”„ë¡œì„¸ìŠ¤ ì‹œì‘
2025-07-09 15:33:30,802 - crawling_view.controller.crawling_manager - INFO - ğŸ“‹ 1ë‹¨ê³„: í¬ë¡¤ë§ ëŒ€ìƒ ë…¸ë˜ ì¡°íšŒ
2025-07-09 15:33:30,803 - crawling_view.data.song_service - INFO - ğŸ“… ê¸°ì¤€ ë‚ ì§œ: 2025-07-09
2025-07-09 15:33:30,858 - crawling_view.data.song_service - INFO - ğŸ” í™œì„± í¬ë¡¤ë§ ê¸°ê°„ì— í¬í•¨ëœ song_id ê°œìˆ˜: 2
2025-07-09 15:33:30,864 - crawling_view.data.song_service - INFO - ğŸµ í¬ë¡¤ë§ ëŒ€ìƒ ê³¡ ê°œìˆ˜: 2
2025-07-09 15:33:30,864 - crawling_view.controller.crawling_manager - INFO - ğŸ•·ï¸ 2ë‹¨ê³„: í”Œë«í¼ë³„ í¬ë¡¤ë§ ì‹¤í–‰
2025-07-09 15:33:30,865 - crawling_view.controller.crawling_manager - INFO - ğŸµ Genie í¬ë¡¤ë§ ì‹œì‘: 2ê°œ ê³¡
2025-07-09 15:33:30,865 - crawling_view.controller.platform_crawlers - INFO - ğŸ¯ genie í¬ë¡¤ë§ ì‹œì‘: 2ê°œ ê³¡
2025-07-09 15:33:30,865 - crawling_view.view.genie.genie_main - INFO - ğŸµ Genie í¬ë¡¤ë§ ì‹œì‘ - ì´ 2ê³¡
2025-07-09 15:33:30,904 - WDM - INFO - ====== WebDriver manager ======
2025-07-09 15:33:31,942 - WDM - INFO - Get LATEST chromedriver version for google-chrome
2025-07-09 15:33:31,997 - WDM - INFO - Get LATEST chromedriver version for google-chrome
2025-07-09 15:33:32,065 - WDM - INFO - Driver [C:\Users\kim94\.wdm\drivers\chromedriver\win64\138.0.7204.94\chromedriver-win32/chromedriver.exe] found in cache
2025-07-09 15:33:33,057 - crawling_view.utils.driver - INFO - ğŸŸ¢ Chrome ë¸Œë¼ìš°ì € ì‹¤í–‰ ì™„ë£Œ (í—¤ë“œë¦¬ìŠ¤ ëª¨ë“œ)
2025-07-09 15:33:33,058 - crawling_view.view.genie.genie_main - INFO - ğŸ” ê²€ìƒ‰ ì¤‘: NO PAIN - ì‹¤ë¦¬ì¹´ê²” (ID: 299fe2985c9e4eb5b358019c5017cb69)
2025-07-09 15:33:39,222 - crawling_view.view.genie.genie_logic - INFO - âœ… ê³¡ ì •ë³´ í˜ì´ì§€ ë²„íŠ¼ í´ë¦­ ì™„ë£Œ
2025-07-09 15:33:39,237 - crawling_view.view.genie.genie_logic - INFO - âœ… ê³¡ ì •ë³´ í˜ì´ì§€ ë¡œë”© ì™„ë£Œ
2025-07-09 15:33:39,249 - crawling_view.view.genie.genie_logic - INFO - [ì‹œë„ 1/6] 'ì‹¤ë¦¬ì¹´ê²” - NO PAIN' ì •ë³´ ì¶”ì¶œ ì‹œë„ ì¤‘...
2025-07-09 15:33:39,270 - crawling_view.view.genie.genie_logic - INFO - âœ… ê³¡ëª… ì¶”ì¶œ ì„±ê³µ: NO PAIN
2025-07-09 15:33:39,271 - crawling_view.view.genie.genie_logic - INFO - âœ… ì•„í‹°ìŠ¤íŠ¸ëª… ì¶”ì¶œ ì„±ê³µ: ì‹¤ë¦¬ì¹´ê²”
2025-07-09 15:33:39,274 - crawling_view.view.genie.genie_logic - INFO - âœ… ì „ì²´ ì²­ì·¨ììˆ˜ ì¶”ì¶œ ì„±ê³µ: 158476
2025-07-09 15:33:39,274 - crawling_view.view.genie.genie_logic - INFO - âœ… ì „ì²´ ì¬ìƒìˆ˜ ì¶”ì¶œ ì„±ê³µ: 2576080
2025-07-09 15:33:39,274 - crawling_view.view.genie.genie_logic - INFO - âœ… 'NO PAIN' - 'ì‹¤ë¦¬ì¹´ê²”' íŒŒì‹± ì„±ê³µ!
2025-07-09 15:33:39,275 - crawling_view.view.genie.genie_main - INFO - âœ… í¬ë¡¤ë§ ì™„ë£Œ: NO PAIN - ì‹¤ë¦¬ì¹´ê²” (ì¡°íšŒìˆ˜: 2576080)
2025-07-09 15:33:39,275 - crawling_view.view.genie.genie_main - INFO - ğŸ” ê²€ìƒ‰ ì¤‘: ë¯¼ë“¤ë ˆ (single ver.) - ìš°íš¨ (ID: 83212ed6632441298a31b53dcfa83d80)
2025-07-09 15:33:45,285 - crawling_view.view.genie.genie_logic - INFO - âœ… ê³¡ ì •ë³´ í˜ì´ì§€ ë²„íŠ¼ í´ë¦­ ì™„ë£Œ
2025-07-09 15:33:45,461 - crawling_view.view.genie.genie_logic - INFO - âœ… ê³¡ ì •ë³´ í˜ì´ì§€ ë¡œë”© ì™„ë£Œ
2025-07-09 15:33:45,470 - crawling_view.view.genie.genie_logic - INFO - [ì‹œë„ 1/6] 'ìš°íš¨ - ë¯¼ë“¤ë ˆ (single ver.)' ì •ë³´ ì¶”ì¶œ ì‹œë„ ì¤‘...
2025-07-09 15:33:45,496 - crawling_view.view.genie.genie_logic - INFO - âœ… ê³¡ëª… ì¶”ì¶œ ì„±ê³µ: ë¯¼ë“¤ë ˆ (single ver.)
2025-07-09 15:33:45,534 - crawling_view.view.genie.genie_logic - INFO - âœ… ì•„í‹°ìŠ¤íŠ¸ëª… ì¶”ì¶œ ì„±ê³µ: ìš°íš¨
2025-07-09 15:33:45,537 - crawling_view.view.genie.genie_logic - INFO - âœ… ì „ì²´ ì²­ì·¨ììˆ˜ ì¶”ì¶œ ì„±ê³µ: 830453
2025-07-09 15:33:45,538 - crawling_view.view.genie.genie_logic - INFO - âœ… ì „ì²´ ì¬ìƒìˆ˜ ì¶”ì¶œ ì„±ê³µ: 13834085
2025-07-09 15:33:45,539 - crawling_view.view.genie.genie_logic - INFO - âœ… 'ë¯¼ë“¤ë ˆ (single ver.)' - 'ìš°íš¨' íŒŒì‹± ì„±ê³µ!
2025-07-09 15:33:45,539 - crawling_view.view.genie.genie_main - INFO - âœ… í¬ë¡¤ë§ ì™„ë£Œ: ë¯¼ë“¤ë ˆ (single ver.) - ìš°íš¨ (ì¡°íšŒìˆ˜: 13834085)
2025-07-09 15:33:47,861 - crawling_view.utils.driver - INFO - ï¿½ï¿½ Chrome ë¸Œë¼ìš°ì € ì¢…ë£Œ
2025-07-09 15:33:47,862 - crawling_view.view.genie.genie_main - INFO - ğŸµ Genie í¬ë¡¤ë§ ì™„ë£Œ - ì„±ê³µ: 2ê³¡
2025-07-09 15:33:47,862 - crawling_view.controller.platform_crawlers - INFO - âœ… genie í¬ë¡¤ë§ ì™„ë£Œ: 2ê°œ ì„±ê³µ (17.00ì´ˆ)
2025-07-09 15:33:47,862 - crawling_view.controller.crawling_manager - INFO - âœ… Genie í¬ë¡¤ë§ ì™„ë£Œ: 2ê°œ ì„±ê³µ, 0ê°œ ì‹¤íŒ¨
2025-07-09 15:33:47,862 - crawling_view.controller.crawling_manager - INFO - ğŸµ YouTube Music í¬ë¡¤ë§ ì‹œì‘: 2ê°œ ê³¡
2025-07-09 15:33:47,863 - crawling_view.controller.platform_crawlers - INFO - ğŸ¯ youtube_music í¬ë¡¤ë§ ì‹œì‘: 2ê°œ ê³¡
2025-07-09 15:33:47,863 - crawling_view.view.youtube_music.youtube_music_main - INFO - ğŸµ YouTube Music í¬ë¡¤ë§ ì‹œì‘ - ì´ 2ê³¡
2025-07-09 15:33:47,893 - WDM - INFO - ====== WebDriver manager ======
2025-07-09 15:33:48,942 - WDM - INFO - Get LATEST chromedriver version for google-chrome
2025-07-09 15:33:49,116 - WDM - INFO - Get LATEST chromedriver version for google-chrome
2025-07-09 15:33:49,386 - WDM - INFO - Driver [C:\Users\kim94\.wdm\drivers\chromedriver\win64\138.0.7204.94\chromedriver-win32/chromedriver.exe] found in cache
2025-07-09 15:33:50,285 - crawling_view.utils.driver - INFO - ğŸŸ¢ Chrome ë¸Œë¼ìš°ì € ì‹¤í–‰ ì™„ë£Œ (í—¤ë“œë¦¬ìŠ¤ ëª¨ë“œ)
2025-07-09 15:33:50,286 - crawling_view.view.youtube_music.youtube_music_logic - INFO - ğŸª ì €ì¥ëœ ì¿ í‚¤ ë¡œë“œ: 24ê°œ
2025-07-09 15:33:50,286 - crawling_view.view.youtube_music.youtube_music_logic - INFO - ğŸª ì¿ í‚¤ ë§Œë£Œë¨ (expiry): GPS
2025-07-09 15:33:50,287 - crawling_view.view.youtube_music.youtube_music_logic - WARNING - âš ï¸ ì¿ í‚¤ê°€ ë§Œë£Œë˜ì—ˆìŠµë‹ˆë‹¤. ì¼ë°˜ ë¡œê·¸ì¸ì„ ì‹œë„í•©ë‹ˆë‹¤.
2025-07-09 15:33:50,287 - crawling_view.view.youtube_music.youtube_music_logic - INFO - ğŸ” ì¼ë°˜ ë¡œê·¸ì¸ ì‹œë„
2025-07-09 15:34:46,966 - crawling_view.view.youtube_music.youtube_music_logic - ERROR - âŒ ìˆ˜ë™ ë¡œê·¸ì¸ ì‹¤íŒ¨: ë¹„ë°€ë²ˆí˜¸ ì…ë ¥ì°½ì„ ì°¾ì„ ìˆ˜ ì—†ìŠµë‹ˆë‹¤.
Traceback (most recent call last):
  File "C:\Users\kim94\workspace\source\rhoonart\streaming_crawling\crawling_view\view\youtube_music\youtube_music_logic.py", line 255, in _perform_manual_login
    raise Exception("ë¹„ë°€ë²ˆí˜¸ ì…ë ¥ì°½ì„ ì°¾ì„ ìˆ˜ ì—†ìŠµë‹ˆë‹¤.")
Exception: ë¹„ë°€ë²ˆí˜¸ ì…ë ¥ì°½ì„ ì°¾ì„ ìˆ˜ ì—†ìŠµë‹ˆë‹¤.
2025-07-09 15:34:46,977 - crawling_view.view.youtube_music.youtube_music_main - ERROR - âŒ YouTube Music ë¡œê·¸ì¸ ì‹¤íŒ¨
2025-07-09 15:34:49,204 - crawling_view.utils.driver - INFO - ï¿½ï¿½ Chrome ë¸Œë¼ìš°ì € ì¢…ë£Œ
2025-07-09 15:34:49,204 - crawling_view.controller.platform_crawlers - INFO - âœ… youtube_music í¬ë¡¤ë§ ì™„ë£Œ: 0ê°œ ì„±ê³µ (61.34ì´ˆ)
2025-07-09 15:34:49,205 - crawling_view.controller.crawling_manager - INFO - âœ… YouTube Music í¬ë¡¤ë§ ì™„ë£Œ: 0ê°œ ì„±ê³µ, 2ê°œ ì‹¤íŒ¨
2025-07-09 15:34:49,205 - crawling_view.controller.crawling_manager - INFO - ğŸµ YouTube í¬ë¡¤ë§ ì‹œì‘: 2ê°œ ê³¡
2025-07-09 15:34:49,205 - crawling_view.controller.platform_crawlers - INFO - ğŸ¯ youtube í¬ë¡¤ë§ ì‹œì‘: 2ê°œ ê³¡
2025-07-09 15:34:49,205 - crawling_view.view.youtube.youtube_main - INFO - ğŸ–¤ YouTube í¬ë¡¤ë§ ì‹œì‘ - ì´ 2ê°œ URL
2025-07-09 15:34:49,235 - WDM - INFO - ====== WebDriver manager ======
2025-07-09 15:34:50,157 - WDM - INFO - Get LATEST chromedriver version for google-chrome
2025-07-09 15:34:50,250 - WDM - INFO - Get LATEST chromedriver version for google-chrome
2025-07-09 15:34:50,397 - WDM - INFO - Driver [C:\Users\kim94\.wdm\drivers\chromedriver\win64\138.0.7204.94\chromedriver-win32/chromedriver.exe] found in cache
2025-07-09 15:34:51,307 - crawling_view.utils.driver - INFO - ğŸŸ¢ Chrome ë¸Œë¼ìš°ì € ì‹¤í–‰ ì™„ë£Œ (í—¤ë“œë¦¬ìŠ¤ ëª¨ë“œ)
2025-07-09 15:35:00,307 - urllib3.connectionpool - WARNING - Retrying (Retry(total=2, connect=None, read=None, redirect=None, status=None)) after connection broken by 'NewConnectionError('<urllib3.connection.HTTPConnection object at 0x000001EC47294640>: Failed to establish a new connection: [WinError 10061] ëŒ€ìƒ ì»´í“¨í„°ì—ì„œ ì—°ê²°ì„ ê±°ë¶€í–ˆìœ¼ë¯€ë¡œ ì—°ê²°í•˜ì§€ ëª»í–ˆìŠµë‹ˆë‹¤')': /session/6c183b2ad881763af7bfbcd440e60bf1/element
2025-07-09 15:35:04,347 - urllib3.connectionpool - WARNING - Retrying (Retry(total=1, connect=None, read=None, redirect=None, status=None)) after connection broken by 'NewConnectionError('<urllib3.connection.HTTPConnection object at 0x000001EC472942B0>: Failed to establish a new connection: [WinError 10061] ëŒ€ìƒ ì»´í“¨í„°ì—ì„œ ì—°ê²°ì„ ê±°ë¶€í–ˆìœ¼ë¯€ë¡œ ì—°ê²°í•˜ì§€ ëª»í–ˆìŠµë‹ˆë‹¤')': /session/6c183b2ad881763af7bfbcd440e60bf1/element
2025-07-09 15:35:08,398 - urllib3.connectionpool - WARNING - Retrying (Retry(total=0, connect=None, read=None, redirect=None, status=None)) after connection broken by 'NewConnectionError('<urllib3.connection.HTTPConnection object at 0x000001EC47252B10>: Failed to establish a new connection: [WinError 10061] ëŒ€ìƒ ì»´í“¨í„°ì—ì„œ ì—°ê²°ì„ ê±°ë¶€í–ˆìœ¼ë¯€ë¡œ ì—°ê²°í•˜ì§€ ëª»í–ˆìŠµë‹ˆë‹¤')': /session/6c183b2ad881763af7bfbcd440e60bf1/element
2025-07-09 15:35:12,456 - crawling_view.view.youtube.youtube_logic - ERROR - âŒ ë‹¨ì¼ ë¹„ë””ì˜¤ í¬ë¡¤ë§ ì‹¤íŒ¨: ì œëª© selectorë¥¼ ì°¾ì§€ ëª»í•¨
Traceback (most recent call last):
  File "C:\Users\kim94\workspace\source\rhoonart\streaming_crawling\crawling_view\view\youtube\youtube_logic.py", line 78, in _crawl_single_video
    raise Exception("ì œëª© selectorë¥¼ ì°¾ì§€ ëª»í•¨")
Exception: ì œëª© selectorë¥¼ ì°¾ì§€ ëª»í•¨
2025-07-09 15:35:12,457 - crawling_view.view.youtube.youtube_logic - ERROR - âŒ í¬ë¡¤ë§ ì‹¤íŒ¨: ì‹¤ë¦¬ì¹´ê²” - https://www.youtube.com/watch?v=JaIMSzE5yLA
2025-07-09 15:35:16,532 - urllib3.connectionpool - WARNING - Retrying (Retry(total=2, connect=None, read=None, redirect=None, status=None)) after connection broken by 'NewConnectionError('<urllib3.connection.HTTPConnection object at 0x000001EC46EEBDF0>: Failed to establish a new connection: [WinError 10061] ëŒ€ìƒ ì»´í“¨í„°ì—ì„œ ì—°ê²°ì„ ê±°ë¶€í–ˆìœ¼ë¯€ë¡œ ì—°ê²°í•˜ì§€ ëª»í–ˆìŠµë‹ˆë‹¤')': /session/6c183b2ad881763af7bfbcd440e60bf1/url
2025-07-09 15:35:20,610 - urllib3.connectionpool - WARNING - Retrying (Retry(total=1, connect=None, read=None, redirect=None, status=None)) after connection broken by 'NewConnectionError('<urllib3.connection.HTTPConnection object at 0x000001EC472B4050>: Failed to establish a new connection: [WinError 10061] ëŒ€ìƒ ì»´í“¨í„°ì—ì„œ ì—°ê²°ì„ ê±°ë¶€í–ˆìœ¼ë¯€ë¡œ ì—°ê²°í•˜ì§€ ëª»í–ˆìŠµë‹ˆë‹¤')': /session/6c183b2ad881763af7bfbcd440e60bf1/url
2025-07-09 15:35:24,648 - urllib3.connectionpool - WARNING - Retrying (Retry(total=0, connect=None, read=None, redirect=None, status=None)) after connection broken by 'NewConnectionError('<urllib3.connection.HTTPConnection object at 0x000001EC472B4270>: Failed to establish a new connection: [WinError 10061] ëŒ€ìƒ ì»´í“¨í„°ì—ì„œ ì—°ê²°ì„ ê±°ë¶€í–ˆìœ¼ë¯€ë¡œ ì—°ê²°í•˜ì§€ ëª»í–ˆìŠµë‹ˆë‹¤')': /session/6c183b2ad881763af7bfbcd440e60bf1/url
2025-07-09 15:35:28,707 - crawling_view.view.youtube.youtube_logic - ERROR - âŒ ë‹¨ì¼ ë¹„ë””ì˜¤ í¬ë¡¤ë§ ì‹¤íŒ¨: HTTPConnectionPool(host='localhost', port=49896): Max retries exceeded with url: /session/6c183b2ad881763af7bfbcd440e60bf1/url (Caused by NewConnectionError('<urllib3.connection.HTTPConnection object at 0x000001EC472B4490>: Failed to establish a new connection: [WinError 10061] ëŒ€ìƒ ì»´í“¨í„°ì—ì„œ ì—°ê²°ì„ ê±°ë¶€í–ˆìœ¼ë¯€ë¡œ ì—°ê²°í•˜ì§€ ëª»í–ˆìŠµë‹ˆë‹¤'))
Traceback (most recent call last):
  File "C:\Users\kim94\workspace\source\rhoonart\streaming_crawling\env\Lib\site-packages\urllib3\connection.py", line 198, in _new_conn
    sock = connection.create_connection(
        (self._dns_host, self.port),
    ...<2 lines>...
        socket_options=self.socket_options,
    )
  File "C:\Users\kim94\workspace\source\rhoonart\streaming_crawling\env\Lib\site-packages\urllib3\util\connection.py", line 85, in create_connection
    raise err
  File "C:\Users\kim94\workspace\source\rhoonart\streaming_crawling\env\Lib\site-packages\urllib3\util\connection.py", line 73, in create_connection
    sock.connect(sa)
    ~~~~~~~~~~~~^^^^
ConnectionRefusedError: [WinError 10061] ëŒ€ìƒ ì»´í“¨í„°ì—ì„œ ì—°ê²°ì„ ê±°ë¶€í–ˆìœ¼ë¯€ë¡œ ì—°ê²°í•˜ì§€ ëª»í–ˆìŠµë‹ˆë‹¤

The above exception was the direct cause of the following exception:

Traceback (most recent call last):
  File "C:\Users\kim94\workspace\source\rhoonart\streaming_crawling\env\Lib\site-packages\urllib3\connectionpool.py", line 787, in urlopen
    response = self._make_request(
        conn,
    ...<10 lines>...
        **response_kw,
    )
  File "C:\Users\kim94\workspace\source\rhoonart\streaming_crawling\env\Lib\site-packages\urllib3\connectionpool.py", line 493, in _make_request
    conn.request(
    ~~~~~~~~~~~~^
        method,
        ^^^^^^^
    ...<6 lines>...
        enforce_content_length=enforce_content_length,
        ^^^^^^^^^^^^^^^^^^^^^^^^^^^^^^^^^^^^^^^^^^^^^^
    )
    ^
  File "C:\Users\kim94\workspace\source\rhoonart\streaming_crawling\env\Lib\site-packages\urllib3\connection.py", line 445, in request
    self.endheaders()
    ~~~~~~~~~~~~~~~^^
  File "C:\Users\kim94\AppData\Local\Programs\Python\Python313\Lib\http\client.py", line 1333, in endheaders
    self._send_output(message_body, encode_chunked=encode_chunked)
    ~~~~~~~~~~~~~~~~~^^^^^^^^^^^^^^^^^^^^^^^^^^^^^^^^^^^^^^^^^^^^^
  File "C:\Users\kim94\AppData\Local\Programs\Python\Python313\Lib\http\client.py", line 1093, in _send_output
    self.send(msg)
    ~~~~~~~~~^^^^^
  File "C:\Users\kim94\AppData\Local\Programs\Python\Python313\Lib\http\client.py", line 1037, in send
    self.connect()
    ~~~~~~~~~~~~^^
  File "C:\Users\kim94\workspace\source\rhoonart\streaming_crawling\env\Lib\site-packages\urllib3\connection.py", line 276, in connect
    self.sock = self._new_conn()
                ~~~~~~~~~~~~~~^^
  File "C:\Users\kim94\workspace\source\rhoonart\streaming_crawling\env\Lib\site-packages\urllib3\connection.py", line 213, in _new_conn
    raise NewConnectionError(
        self, f"Failed to establish a new connection: {e}"
    ) from e
urllib3.exceptions.NewConnectionError: <urllib3.connection.HTTPConnection object at 0x000001EC472B4490>: Failed to establish a new connection: [WinError 10061] ëŒ€ìƒ ì»´í“¨í„°ì—ì„œ ì—°ê²°ì„ ê±°ë¶€í–ˆìœ¼ë¯€ë¡œ ì—°ê²°í•˜ì§€ ëª»í–ˆìŠµë‹ˆë‹¤

The above exception was the direct cause of the following exception:

Traceback (most recent call last):
  File "C:\Users\kim94\workspace\source\rhoonart\streaming_crawling\crawling_view\view\youtube\youtube_logic.py", line 74, in _crawl_single_video
    self.driver.get(url)
    ~~~~~~~~~~~~~~~^^^^^
  File "C:\Users\kim94\workspace\source\rhoonart\streaming_crawling\env\Lib\site-packages\selenium\webdriver\remote\webdriver.py", line 472, in get
    self.execute(Command.GET, {"url": url})
    ~~~~~~~~~~~~^^^^^^^^^^^^^^^^^^^^^^^^^^^
  File "C:\Users\kim94\workspace\source\rhoonart\streaming_crawling\env\Lib\site-packages\selenium\webdriver\remote\webdriver.py", line 445, in execute
    response = self.command_executor.execute(driver_command, params)
  File "C:\Users\kim94\workspace\source\rhoonart\streaming_crawling\env\Lib\site-packages\selenium\webdriver\remote\remote_connection.py", line 404, in execute
    return self._request(command_info[0], url, body=data)
           ~~~~~~~~~~~~~^^^^^^^^^^^^^^^^^^^^^^^^^^^^^^^^^
  File "C:\Users\kim94\workspace\source\rhoonart\streaming_crawling\env\Lib\site-packages\selenium\webdriver\remote\remote_connection.py", line 428, in _request
    response = self._conn.request(method, url, body=body, headers=headers, timeout=self._client_config.timeout)
  File "C:\Users\kim94\workspace\source\rhoonart\streaming_crawling\env\Lib\site-packages\urllib3\_request_methods.py", line 143, in request
    return self.request_encode_body(
           ~~~~~~~~~~~~~~~~~~~~~~~~^
        method, url, fields=fields, headers=headers, **urlopen_kw
        ^^^^^^^^^^^^^^^^^^^^^^^^^^^^^^^^^^^^^^^^^^^^^^^^^^^^^^^^^
    )
    ^
  File "C:\Users\kim94\workspace\source\rhoonart\streaming_crawling\env\Lib\site-packages\urllib3\_request_methods.py", line 278, in request_encode_body
    return self.urlopen(method, url, **extra_kw)
           ~~~~~~~~~~~~^^^^^^^^^^^^^^^^^^^^^^^^^
  File "C:\Users\kim94\workspace\source\rhoonart\streaming_crawling\env\Lib\site-packages\urllib3\poolmanager.py", line 443, in urlopen
    response = conn.urlopen(method, u.request_uri, **kw)
  File "C:\Users\kim94\workspace\source\rhoonart\streaming_crawling\env\Lib\site-packages\urllib3\connectionpool.py", line 871, in urlopen
    return self.urlopen(
           ~~~~~~~~~~~~^
        method,
        ^^^^^^^
    ...<13 lines>...
        **response_kw,
        ^^^^^^^^^^^^^^
    )
    ^
  File "C:\Users\kim94\workspace\source\rhoonart\streaming_crawling\env\Lib\site-packages\urllib3\connectionpool.py", line 871, in urlopen
    return self.urlopen(
           ~~~~~~~~~~~~^
        method,
        ^^^^^^^
    ...<13 lines>...
        **response_kw,
        ^^^^^^^^^^^^^^
    )
    ^
  File "C:\Users\kim94\workspace\source\rhoonart\streaming_crawling\env\Lib\site-packages\urllib3\connectionpool.py", line 871, in urlopen
    return self.urlopen(
           ~~~~~~~~~~~~^
        method,
        ^^^^^^^
    ...<13 lines>...
        **response_kw,
        ^^^^^^^^^^^^^^
    )
    ^
  File "C:\Users\kim94\workspace\source\rhoonart\streaming_crawling\env\Lib\site-packages\urllib3\connectionpool.py", line 841, in urlopen
    retries = retries.increment(
        method, url, error=new_e, _pool=self, _stacktrace=sys.exc_info()[2]
    )
  File "C:\Users\kim94\workspace\source\rhoonart\streaming_crawling\env\Lib\site-packages\urllib3\util\retry.py", line 519, in increment
    raise MaxRetryError(_pool, url, reason) from reason  # type: ignore[arg-type]
    ^^^^^^^^^^^^^^^^^^^^^^^^^^^^^^^^^^^^^^^^^^^^^^^^^^^
urllib3.exceptions.MaxRetryError: HTTPConnectionPool(host='localhost', port=49896): Max retries exceeded with url: /session/6c183b2ad881763af7bfbcd440e60bf1/url (Caused by NewConnectionError('<urllib3.connection.HTTPConnection object at 0x000001EC472B4490>: Failed to establish a new connection: [WinError 10061] ëŒ€ìƒ ì»´í“¨í„°ì—ì„œ ì—°ê²°ì„ ê±°ë¶€í–ˆìœ¼ë¯€ë¡œ ì—°ê²°í•˜ì§€ ëª»í–ˆìŠµë‹ˆë‹¤'))
2025-07-09 15:35:28,733 - crawling_view.view.youtube.youtube_logic - ERROR - âŒ í¬ë¡¤ë§ ì‹¤íŒ¨: ìš°íš¨ - https://www.youtube.com/watch?v=Kaq4LFM47I0&list=RDKaq4LFM47I0
2025-07-09 15:35:28,733 - crawling_view.view.youtube.youtube_main - INFO - ğŸ–¤ YouTube í¬ë¡¤ë§ ì™„ë£Œ - ì„±ê³µ: 0ê°œ
